// Jest Snapshot v1, https://goo.gl/fbAQLP

exports[`MainStreamClient should get all streams 1`] = `
Array [
  Object {
    "description": "",
    "labels": Object {
      "encoding": "json",
    },
  },
  Object {
    "description": "",
    "labels": Object {
      "encoding": "json",
    },
  },
  Object {
    "description": "",
    "labels": Object {
      "encoding": "json",
    },
  },
  Object {
    "description": "",
    "labels": Object {
      "encoding": "json",
    },
  },
  Object {
    "description": "",
    "labels": Object {
      "encoding": "json",
    },
  },
  Object {
    "description": "",
    "labels": Object {
      "encoding": "json",
    },
  },
  Object {
    "description": "",
    "labels": Object {
      "encoding": "json",
    },
  },
  Object {
    "description": "",
    "labels": Object {
      "encoding": "json",
    },
  },
  Object {
    "description": "",
    "labels": Object {
      "encoding": "json",
    },
  },
  Object {
    "description": "",
    "labels": Object {
      "encoding": "json",
    },
  },
  Object {
    "description": "",
    "labels": Object {
      "encoding": "json",
    },
  },
  Object {
    "labels": Object {
      "encoding": "json",
    },
  },
  Object {
    "description": "",
    "labels": Object {
      "encoding": "json",
    },
  },
  Object {
    "description": "",
    "labels": Object {
      "encoding": "json",
    },
  },
  Object {
    "description": "",
    "labels": Object {
      "encoding": "json",
    },
  },
]
`;
